# cmscan :: search sequence(s) against a CM database
# INFERNAL 1.1.3 (Nov 2019)
# Copyright (C) 2019 Howard Hughes Medical Institute.
# Freely distributed under the BSD open source license.
# - - - - - - - - - - - - - - - - - - - - - - - - - - - - - - - - - - - -
# query sequence file:                   test/frankie-vadr/frankie-vadr.vadr.in.fa
# target CM database:                    data/vadr-models-corona-1.1-1/corona.cm
# tabular output of hits:                test/frankie-vadr/frankie-vadr.vadr.std.cls.s0.tblout
# show alignments in output:             no
# sequence reporting threshold:          score >= -10
# HMM-only mode (for all models):        on [CM will not be used]
# terminate after Stage 3 Fwd:           on
# number of worker threads:              0 [--cpu]
# - - - - - - - - - - - - - - - - - - - - - - - - - - - - - - - - - - - -

Query:       NC_045512.2  [L=29903]
Description: Severe acute respiratory syndrome coronavirus 2 isolate Wuhan-Hu-1, complete genome
Windows that survived F3 filter stage:
   modelname sequence     score  start    end
   --------- ----------- ------ ------ ------
 ! AC_000192 NC_045512.2 4332.9      1  29903 + []
 ! NC_001451 NC_045512.2 3518.7      1  29903 + []
 ! NC_001846 NC_045512.2 4436.5      1  29903 + []
 ! NC_002306 NC_045512.2 3514.3      1  29903 + []
 ! NC_002645 NC_045512.2 3561.5      1  29903 + []
 ! NC_003045 NC_045512.2 4720.3      1  29903 + []
 ! NC_003436 NC_045512.2 3408.3      1  29903 + []
 ! NC_004718 NC_045512.2 20786.4      1  29903 + []
 ! NC_005831 NC_045512.2 3977.3      1  29903 + []
 ! NC_006213 NC_045512.2 4752.4      1  29903 + []
 ! NC_006577 NC_045512.2 5101.5      1  29903 + []
 ! NC_009019 NC_045512.2 5758.4      1  29903 + []
 ! NC_009020 NC_045512.2 5211.9      1  29903 + []
 ! NC_009021 NC_045512.2 5459.9      1  29903 + []
 ! NC_009657 NC_045512.2 3665.9      1  29903 + []
 ! NC_009988 NC_045512.2 3709.1      1  29903 + []
 ! NC_010437 NC_045512.2 3775.0      1  29903 + []
 ! NC_010438 NC_045512.2 3489.2      1  29903 + []
 ! NC_010646 NC_045512.2 3016.6      1  29903 + []
 ! NC_010800 NC_045512.2 3511.1      1  29903 + []
 ! NC_011547 NC_045512.2 2585.5      1  29903 + []
 ! NC_011549 NC_045512.2 2609.4      1  29903 + []
 ! NC_011550 NC_045512.2 2302.1      1  29903 + []
 ! NC_012936 NC_045512.2 4479.6      1  29903 + []
 ! NC_014470 NC_045512.2 18642.0      1  29903 + []
 ! NC_016991 NC_045512.2 2480.6      1  29903 + []
 ! NC_016992 NC_045512.2 2129.5      1  29903 + []
 ! NC_016993 NC_045512.2 1972.1      1  29903 + []
 ! NC_016994 NC_045512.2 2416.4      1  29903 + []
 ! NC_016995 NC_045512.2 2266.0      1  29903 + []
 ! NC_016996 NC_045512.2 2695.6      1  29903 + []
 ! NC_017083 NC_045512.2 4638.7      1  29903 + []
 ! NC_018871 NC_045512.2 3827.1      1  29903 + []
 ! NC_019843 NC_045512.2 5464.3      1  29903 + []
 ! NC_022103 NC_045512.2 3446.2      1  29903 + []
 ! NC_023760 NC_045512.2 3573.6      1  29903 + []
 ! NC_025217 NC_045512.2 7810.3      1  29903 + []
 ! NC_026011 NC_045512.2 4534.1      1  29903 + []
 ! NC_028752 NC_045512.2 3668.5      1  29903 + []
 ! NC_028806 NC_045512.2 3484.0      1  29903 + []
 ! NC_028811 NC_045512.2 3369.8      1  29903 + []
 ! NC_028814 NC_045512.2 3786.2      1  29903 + []
 ! NC_028824 NC_045512.2 3759.0      1  29903 + []
 ! NC_028833 NC_045512.2 3435.9      1  29903 + []
 ! NC_030292 NC_045512.2 3415.5      1  29903 + []
 ! NC_030886 NC_045512.2 5229.4      1  29903 + []
 ! NC_032107 NC_045512.2 3623.4      1  29903 + []
 ! NC_032730 NC_045512.2 3400.9      1  29903 + []
 ! NC_034440 NC_045512.2 5515.3      1  29903 + []
 ! NC_034972 NC_045512.2 3440.7      1  29903 + []
 ! NC_035191 NC_045512.2 3758.6      1  29903 + []
 ! NC_038294 NC_045512.2 5474.9      1  29903 + []
 ! NC_039207 NC_045512.2 5603.1      1  29903 + []
 ! NC_039208 NC_045512.2 2165.2      1  29903 + []
 ! NC_045512 NC_045512.2 32033.0      1  29903 + []


Internal HMM-only pipeline statistics summary: (--hmmonly used)
---------------------------------------------------------------
Query sequence(s):                                       1  (59806 residues searched)
Target model(s):                                        55  (1573051 consensus positions)
Windows passing local HMM SSV      filter:              71  (0.6187); expected (0.02)
Windows passing local HMM MSV bias filter:              55  (0.5); expected (0.02)
Windows passing local HMM Viterbi  filter:              55  (0.5); expected (0.001)
Windows passing local HMM Forward  filter:              55  (0.5); expected (1e-05)
Total HMM hits reported:                                55  (0.5)

# CPU time: 225.12u 0.23s 00:03:45.35 Elapsed: 00:03:45.38
//
[ok]
